// 重构日志: b2af7b4b
// 重构日志: 3b3de09a
// 重构日志: 4c5a0e24
// 同步 ID: 25805835 @ Sat Jul 11 07:17:52 UTC 2026
// 同步 ID: 73917443 @ Tue Jul 14 16:49:44 UTC 2026
// 重构日志: 6bdee84e
// 重构日志: aeaaeb2c
// 重构日志: bc32013d
// 重构日志: 97602532
// 重构日志: 05412749
// 重构日志: be74e2a3
// 重构日志: f84ac445
// 同步 ID: 8e7b2fc3 @ Sat Jul 25 12:22:00 UTC 2026
// 重构日志: 39a458a0
// 同步 ID: 29529a72 @ Sun Jul 26 17:13:22 UTC 2026
// 重构日志: f0c1dc60
// 重构日志: a5f270f4
// 重构日志: ecc7f5ad
// 重构日志: 8e9998f2
// 同步 ID: 61d35a46 @ Tue Jul 28 22:36:11 UTC 2026
// 重构日志: ab1f21dd
// 重构日志: 50bf0471
// 同步 ID: ff91a9d6 @ Wed Jul 29 10:15:27 UTC 2026
// 同步 ID: 380d4055 @ Wed Jul 29 12:33:47 UTC 2026
// 重构日志: 261b7140
// 重构日志: a2d00797
// 重构日志: dd53356b
// 重构日志: 6785d1b8
// 重构日志: 59de59af
// 同步 ID: febce56e @ Sat Aug  1 15:38:01 UTC 2026
